Last login: Wed Feb 13 12:07:58 on ttys000
MacBook-Pro-de-Emiliano:~ EmilianoItuarte$ mysqlsh
MySQL Shell 8.0.14

Copyright (c) 2016, 2019, Oracle and/or its affiliates. All rights reserved.
Oracle is a registered trademark of Oracle Corporation and/or its affiliates.
Other names may be trademarks of their respective owners.

Type '\help' or '\?' for help; '\quit' to exit.

 MySQL  JS > \sql
Switching to SQL mode... Commands end with ;

 MySQL  SQL > \connect --mc usuario_1@localhost
Creating a Classic session to 'usuario_1@localhost'
Please provide the password for 'usuario_1@localhost': 
MySQL Error 2002 (HY000): Can't connect to local MySQL server through socket '/tmp/mysql.sock' (2)

 MySQL  SQL > \connect --mc usuario_1@localhost
Creating a Classic session to 'usuario_1@localhost'
Please provide the password for 'usuario_1@localhost': 
MySQL Error 2002 (HY000): Can't connect to local MySQL server through socket '/tmp/mysql.sock' (2)

 MySQL  SQL > \connect --mc usuario_1@localhost:8889
Creating a Classic session to 'usuario_1@localhost:8889'
Please provide the password for 'usuario_1@localhost:8889': 
MySQL Error 1045 (28000): Access denied for user 'usuario_1'@'localhost' (using password: YES)

 MySQL  SQL > \connect --mc usuario_1@localhost:8889
Creating a Classic session to 'usuario_1@localhost:8889'
Please provide the password for 'usuario_1@localhost:8889': 
MySQL Error 1045 (28000): Access denied for user 'usuario_1'@'localhost' (using password: YES)

 MySQL  SQL > \connect --mc usuario_1@localhost:8889
Creating a Classic session to 'usuario_1@localhost:8889'
Please provide the password for 'usuario_1@localhost:8889': 
MySQL Error 1045 (28000): Access denied for user 'usuario_1'@'localhost' (using password: YES)

 MySQL  SQL > \connect --mc usuario_1@localhost:8889
Creating a Classic session to 'usuario_1@localhost:8889'
Please provide the password for 'usuario_1@localhost:8889': 
MySQL Error 1045 (28000): Access denied for user 'usuario_1'@'localhost' (using password: YES)

 MySQL  SQL > show databases;
ERROR: Not connected.

 MySQL  SQL > \connect --mc usuario_1@localhost:8889
Creating a Classic session to 'usuario_1@localhost:8889'
Please provide the password for 'usuario_1@localhost:8889': 
MySQL Error 1045 (28000): Access denied for user 'usuario_1'@'localhost' (using password: YES)

 MySQL  SQL > \connect --mc usuario_1@localhost
Creating a Classic session to 'usuario_1@localhost'
Please provide the password for 'usuario_1@localhost': 
MySQL Error 2002 (HY000): Can't connect to local MySQL server through socket '/tmp/mysql.sock' (2)

 MySQL  SQL > \connect --mc ususrio_1@localhost:8889
Creating a Classic session to 'ususrio_1@localhost:8889'
Please provide the password for 'ususrio_1@localhost:8889': 
Save password for 'ususrio_1@localhost:8889'? [Y]es/[N]o/Ne[v]er (default No): y
Fetching schema names for autocompletion... Press ^C to stop.
Your MySQL connection id is 14
Server version: 5.7.23 MySQL Community Server (GPL)
No default schema selected; type \use <schema> to set one.

 MySQL  localhost:8889  SQL > show databeses;
ERROR: 1064 (42000): You have an error in your SQL syntax; check the manual that corresponds to your MySQL server version for the right syntax to use near 'databeses' at line 1

 MySQL  localhost:8889  SQL > show database;
ERROR: 1064 (42000): You have an error in your SQL syntax; check the manual that corresponds to your MySQL server version for the right syntax to use near 'database' at line 1

 MySQL  localhost:8889  SQL > show databases;
+--------------------+
| Database           |
+--------------------+
| information_schema |
+--------------------+
1 row in set (0.0006 sec)

 MySQL  localhost:8889  SQL > 
Last login: Wed Feb 13 12:19:28 on ttys001
MacBook-Pro-de-Emiliano:~ EmilianoItuarte$ mysqlsh
MySQL Shell 8.0.14

Copyright (c) 2016, 2019, Oracle and/or its affiliates. All rights reserved.
Oracle is a registered trademark of Oracle Corporation and/or its affiliates.
Other names may be trademarks of their respective owners.

Type '\help' or '\?' for help; '\quit' to exit.

 MySQL  JS > \sql
Switching to SQL mode... Commands end with ;

 MySQL  SQL > \connect --mc usuario_2@localhost:8889
Creating a Classic session to 'usuario_2@localhost:8889'
Please provide the password for 'usuario_2@localhost:8889': 
Save password for 'usuario_2@localhost:8889'? [Y]es/[N]o/Ne[v]er (default No): y
Fetching schema names for autocompletion... Press ^C to stop.
Your MySQL connection id is 15
Server version: 5.7.23 MySQL Community Server (GPL)
No default schema selected; type \use <schema> to set one.

 MySQL  localhost:8889  SQL > show databases;
+--------------------+
| Database           |
+--------------------+
| information_schema |
| DBClientes         |
| DatosCoches        |
| eva_1              |
| mysql              |
| performance_schema |
| sakila             |
| sys                |
+--------------------+
8 rows in set (0.0004 sec)

 MySQL  localhost:8889  SQL > create table x(id int);
ERROR: 1046 (3D000): No database selected

 MySQL  localhost:8889  SQL > create table x(id int);
ERROR: 1046 (3D000): No database selected

 MySQL  localhost:8889  SQL > 
Last login: Wed Feb 13 12:19:28 on ttys001
MacBook-Pro-de-Emiliano:~ EmilianoItuarte$ mysqlsh
MySQL Shell 8.0.14

Copyright (c) 2016, 2019, Oracle and/or its affiliates. All rights reserved.
Oracle is a registered trademark of Oracle Corporation and/or its affiliates.
Other names may be trademarks of their respective owners.

Type '\help' or '\?' for help; '\quit' to exit.

 MySQL  JS > \sql
Switching to SQL mode... Commands end with ;

 MySQL  SQL > \connect --mc usuario_2@localhost:8889
Creating a Classic session to 'usuario_2@localhost:8889'
Please provide the password for 'usuario_2@localhost:8889': 
Save password for 'usuario_2@localhost:8889'? [Y]es/[N]o/Ne[v]er (default No): y
Fetching schema names for autocompletion... Press ^C to stop.
Your MySQL connection id is 15
Server version: 5.7.23 MySQL Community Server (GPL)
No default schema selected; type \use <schema> to set one.

 MySQL  localhost:8889  SQL > show databases;
+--------------------+
| Database           |
+--------------------+
| information_schema |
| DBClientes         |
| DatosCoches        |
| eva_1              |
| mysql              |
| performance_schema |
| sakila             |
| sys                |
+--------------------+
8 rows in set (0.0004 sec)

 MySQL  localhost:8889  SQL > create table x(id int);
ERROR: 1046 (3D000): No database selected

 MySQL  localhost:8889  SQL > create table x(id int);
ERROR: 1046 (3D000): No database selected

 MySQL  localhost:8889  SQL > 



Last login: Wed Feb 13 12:19:28 on ttys001
MacBook-Pro-de-Emiliano:~ EmilianoItuarte$ mysqlsh
MySQL Shell 8.0.14

Copyright (c) 2016, 2019, Oracle and/or its affiliates. All rights reserved.
Oracle is a registered trademark of Oracle Corporation and/or its affiliates.
Other names may be trademarks of their respective owners.

Type '\help' or '\?' for help; '\quit' to exit.

 MySQL  JS > \sql
Switching to SQL mode... Commands end with ;

 MySQL  SQL > \connect --mc usuario_2@localhost:8889
Creating a Classic session to 'usuario_2@localhost:8889'
Please provide the password for 'usuario_2@localhost:8889': 
Save password for 'usuario_2@localhost:8889'? [Y]es/[N]o/Ne[v]er (default No): y
Fetching schema names for autocompletion... Press ^C to stop.
Your MySQL connection id is 15
Server version: 5.7.23 MySQL Community Server (GPL)
No default schema selected; type \use <schema> to set one.

 MySQL  localhost:8889  SQL > show databases;
+--------------------+
| Database           |
+--------------------+
| information_schema |
| DBClientes         |
| DatosCoches        |
| eva_1              |
| mysql              |
| performance_schema |
| sakila             |
| sys                |
+--------------------+
8 rows in set (0.0004 sec)

 MySQL  localhost:8889  SQL > create table x(id int);
ERROR: 1046 (3D000): No database selected

 MySQL  localhost:8889  SQL > create table x(id int);
ERROR: 1046 (3D000): No database selected

 MySQL  localhost:8889  SQL > 
Last login: Wed Feb 13 12:19:28 on ttys001
MacBook-Pro-de-Emiliano:~ EmilianoItuarte$ mysqlsh
MySQL Shell 8.0.14

Copyright (c) 2016, 2019, Oracle and/or its affiliates. All rights reserved.
Oracle is a registered trademark of Oracle Corporation and/or its affiliates.
Other names may be trademarks of their respective owners.

Type '\help' or '\?' for help; '\quit' to exit.

 MySQL  JS > \sql
Switching to SQL mode... Commands end with ;

 MySQL  SQL > \connect --mc usuario_2@localhost:8889
Creating a Classic session to 'usuario_2@localhost:8889'
Please provide the password for 'usuario_2@localhost:8889': 
Save password for 'usuario_2@localhost:8889'? [Y]es/[N]o/Ne[v]er (default No): y
Fetching schema names for autocompletion... Press ^C to stop.
Your MySQL connection id is 15
Server version: 5.7.23 MySQL Community Server (GPL)
No default schema selected; type \use <schema> to set one.

 MySQL  localhost:8889  SQL > show databases;
+--------------------+
| Database           |
+--------------------+
| information_schema |
| DBClientes         |
| DatosCoches        |
| eva_1              |
| mysql              |
| performance_schema |
| sakila             |
| sys                |
+--------------------+
8 rows in set (0.0004 sec)

 MySQL  localhost:8889  SQL > create table x(id int);
ERROR: 1046 (3D000): No database selected

 MySQL  localhost:8889  SQL > create table x(id int);
ERROR: 1046 (3D000): No database selected

 MySQL  localhost:8889  SQL > 










Last login: Wed Feb 13 12:19:28 on ttys001
MacBook-Pro-de-Emiliano:~ EmilianoItuarte$ mysqlsh
MySQL Shell 8.0.14

Copyright (c) 2016, 2019, Oracle and/or its affiliates. All rights reserved.
Oracle is a registered trademark of Oracle Corporation and/or its affiliates.
Other names may be trademarks of their respective owners.

Type '\help' or '\?' for help; '\quit' to exit.

 MySQL  JS > \sql
Switching to SQL mode... Commands end with ;

 MySQL  SQL > \connect --mc usuario_2@localhost:8889
Creating a Classic session to 'usuario_2@localhost:8889'
Please provide the password for 'usuario_2@localhost:8889': 
Save password for 'usuario_2@localhost:8889'? [Y]es/[N]o/Ne[v]er (default No): y
Fetching schema names for autocompletion... Press ^C to stop.
Your MySQL connection id is 15
Server version: 5.7.23 MySQL Community Server (GPL)
No default schema selected; type \use <schema> to set one.

 MySQL  localhost:8889  SQL > show databases;
+--------------------+
| Database           |
+--------------------+
| information_schema |
| DBClientes         |
| DatosCoches        |
| eva_1              |
| mysql              |
| performance_schema |
| sakila             |
| sys                |
+--------------------+
8 rows in set (0.0004 sec)

 MySQL  localhost:8889  SQL > create table x(id int);
ERROR: 1046 (3D000): No database selected

 MySQL  localhost:8889  SQL > create table x(id int);
ERROR: 1046 (3D000): No database selected

 MySQL  localhost:8889  SQL > 










Last login: Wed Feb 13 12:19:28 on ttys001
MacBook-Pro-de-Emiliano:~ EmilianoItuarte$ mysqlsh
MySQL Shell 8.0.14

Copyright (c) 2016, 2019, Oracle and/or its affiliates. All rights reserved.
Oracle is a registered trademark of Oracle Corporation and/or its affiliates.
Other names may be trademarks of their respective owners.

Type '\help' or '\?' for help; '\quit' to exit.

 MySQL  JS > \sql
Switching to SQL mode... Commands end with ;

 MySQL  SQL > \connect --mc usuario_2@localhost:8889
Creating a Classic session to 'usuario_2@localhost:8889'
Please provide the password for 'usuario_2@localhost:8889': 
Save password for 'usuario_2@localhost:8889'? [Y]es/[N]o/Ne[v]er (default No): y
Fetching schema names for autocompletion... Press ^C to stop.
Your MySQL connection id is 15
Server version: 5.7.23 MySQL Community Server (GPL)
No default schema selected; type \use <schema> to set one.

 MySQL  localhost:8889  SQL > show databases;
+--------------------+
| Database           |
+--------------------+
| information_schema |
| DBClientes         |
| DatosCoches        |
| eva_1              |
| mysql              |
| performance_schema |
| sakila             |
| sys                |
+--------------------+
8 rows in set (0.0004 sec)

 MySQL  localhost:8889  SQL > create table x(id int);
ERROR: 1046 (3D000): No database selected

 MySQL  localhost:8889  SQL > create table x(id int);
ERROR: 1046 (3D000): No database selected

 MySQL  localhost:8889  SQL > 
Last login: Wed Feb 13 12:32:03 on ttys002
MacBook-Pro-de-Emiliano:~ EmilianoItuarte$ mysqlsh
MySQL Shell 8.0.14

Copyright (c) 2016, 2019, Oracle and/or its affiliates. All rights reserved.
Oracle is a registered trademark of Oracle Corporation and/or its affiliates.
Other names may be trademarks of their respective owners.

Type '\help' or '\?' for help; '\quit' to exit.

 MySQL  JS > \sql
Switching to SQL mode... Commands end with ;

 MySQL  SQL > \connect --mc usuario_eva1@localhost:8889
Creating a Classic session to 'usuario_eva1@localhost:8889'
Please provide the password for 'usuario_eva1@localhost:8889': 
Save password for 'usuario_eva1@localhost:8889'? [Y]es/[N]o/Ne[v]er (default No): y
Fetching schema names for autocompletion... Press ^C to stop.
Your MySQL connection id is 16
Server version: 5.7.23 MySQL Community Server (GPL)
No default schema selected; type \use <schema> to set one.

 MySQL  localhost:8889  SQL > show tables;
ERROR: 1046 (3D000): No database selected

 MySQL  localhost:8889  SQL > show databases;
+--------------------+
| Database           |
+--------------------+
| information_schema |
| eva_1              |
+--------------------+
2 rows in set (0.0004 sec)
Last login: Wed Feb 13 12:43:11 on ttys005
MacBook-Pro-de-Emiliano:~ EmilianoItuarte$ mysqlsh
MySQL Shell 8.0.14

Copyright (c) 2016, 2019, Oracle and/or its affiliates. All rights reserved.
Oracle is a registered trademark of Oracle Corporation and/or its affiliates.
Other names may be trademarks of their respective owners.

Type '\help' or '\?' for help; '\quit' to exit.

 MySQL  JS > \sql
Switching to SQL mode... Commands end with ;

 MySQL  SQL > \connect --mc jodidillo@localhost:8889
Creating a Classic session to 'jodidillo@localhost:8889'
Please provide the password for 'jodidillo@localhost:8889': 
Save password for 'jodidillo@localhost:8889'? [Y]es/[N]o/Ne[v]er (default No): 
Fetching schema names for autocompletion... Press ^C to stop.
Your MySQL connection id is 18
Server version: 5.7.23 MySQL Community Server (GPL)
No default schema selected; type \use <schema> to set one.

 MySQL  localhost:8889  SQL > show databases;
+--------------------+
| Database           |
+--------------------+
| information_schema |
| eva_1              |
+--------------------+
2 rows in set (0.0004 sec)

 MySQL  localhost:8889  SQL > show tables;
ERROR: 1046 (3D000): No database selected

 MySQL  localhost:8889  SQL > select * from empleados;
ERROR: 1046 (3D000): No database selected

 MySQL  localhost:8889  SQL > \use eva_1
Default schema set to `eva_1`.
Fetching table and column names from `eva_1` for auto-completion... Press ^C to stop.

 MySQL  localhost:8889  eva_1  SQL > show tables;
+-----------------+
| Tables_in_eva_1 |
+-----------------+
| empleados       |
+-----------------+
1 row in set (0.0004 sec)

 MySQL  localhost:8889  eva_1  SQL > select * from empleados;
+----+----------+----------+----------+-----------+-------------------+------------+------------+-------------------+--------+--------+---------+------------+---------+
| id | id_depto | nombre   | apellido | iniciales | fecha_naciemiento | rfc        | nss        | ciudad_nacimiento | estado | pais   | celular | tel_fijo   | salario |
+----+----------+----------+----------+-----------+-------------------+------------+------------+-------------------+--------+--------+---------+------------+---------+
|  1 |        1 | Emiliano | Ituarte  | EI        | 1998-07-03        | HASHFHU237 | NJFJDFSA48 | CHIHUAHUA         | CUU    | MEJICO | 9382848 | 3838238238 |   30000 |
+----+----------+----------+----------+-----------+-------------------+------------+------------+-------------------+--------+--------+---------+------------+---------+
1 row in set (0.0016 sec)

Last login: Wed Feb 13 12:07:41 on ttys000
MacBook-Pro-de-Emiliano:~ EmilianoItuarte$ mysqlsh
MySQL Shell 8.0.14

Copyright (c) 2016, 2019, Oracle and/or its affiliates. All rights reserved.
Oracle is a registered trademark of Oracle Corporation and/or its affiliates.
Other names may be trademarks of their respective owners.

Type '\help' or '\?' for help; '\quit' to exit.

 MySQL  JS > \sql
Switching to SQL mode... Commands end with ;

 MySQL  SQL > \connect --mc root@localhost:8889
Creating a Classic session to 'root@localhost:8889'
Fetching schema names for autocompletion... Press ^C to stop.
Your MySQL connection id is 6
Server version: 5.7.23 MySQL Community Server (GPL)
No default schema selected; type \use <schema> to set one.

 MySQL  localhost:8889  SQL > select host, user from user;
ERROR: 1046 (3D000): No database selected

 MySQL  localhost:8889  SQL > \use sql
MySQL Error 1049: Unknown database 'sql'

 MySQL  localhost:8889  SQL > \use mysql
Default schema set to `mysql`.
Fetching table and column names from `mysql` for auto-completion... Press ^C to stop.

 MySQL  localhost:8889  mysql  SQL > show tables;
+---------------------------+
| Tables_in_mysql           |
+---------------------------+
| columns_priv              |
| db                        |
| engine_cost               |
| event                     |
| func                      |
| general_log               |
| gtid_executed             |
| help_category             |
| help_keyword              |
| help_relation             |
| help_topic                |
| innodb_index_stats        |
| innodb_table_stats        |
| ndb_binlog_index          |
| plugin                    |
| proc                      |
| procs_priv                |
| proxies_priv              |
| server_cost               |
| servers                   |
| slave_master_info         |
| slave_relay_log_info      |
| slave_worker_info         |
| slow_log                  |
| tables_priv               |
| time_zone                 |
| time_zone_leap_second     |
| time_zone_name            |
| time_zone_transition      |
| time_zone_transition_type |
| user                      |
+---------------------------+
31 rows in set (0.0008 sec)

 MySQL  localhost:8889  mysql  SQL > select host, user from user;
+-----------+---------------+
| host      | user          |
+-----------+---------------+
| 127.0.0.1 | root          |
| ::1       | root          |
| localhost | mamp          |
| localhost | mysql.session |
| localhost | mysql.sys     |
| localhost | root          |
+-----------+---------------+
6 rows in set (0.0019 sec)

 MySQL  localhost:8889  mysql  SQL > create user 'ususrio_1'@'localhost' identified by 'xxxx.1234';
Query OK, 0 rows affected (0.0046 sec)

 MySQL  localhost:8889  mysql  SQL > select host, user from mysql.user;
+-----------+---------------+
| host      | user          |
+-----------+---------------+
| 127.0.0.1 | root          |
| ::1       | root          |
| localhost | mamp          |
| localhost | mysql.session |
| localhost | mysql.sys     |
| localhost | root          |
| localhost | ususrio_1     |
+-----------+---------------+
7 rows in set (0.0002 sec)

 MySQL  localhost:8889  mysql  SQL > drop user 'ususrio_1'@'localhost';
Query OK, 0 rows affected (0.0041 sec)

 MySQL  localhost:8889  mysql  SQL > create user 'usuario_2'@'localhost' identified by '1234';
Query OK, 0 rows affected (0.0038 sec)

 MySQL  localhost:8889  mysql  SQL > grant all on *.* to 'usuario_2'@'localhost';
Query OK, 0 rows affected (0.0030 sec)

 MySQL  localhost:8889  mysql  SQL > create user 'usuario_eva1'@'localhost' identified by '1234';
Query OK, 0 rows affected (0.0032 sec)

 MySQL  localhost:8889  mysql  SQL > grant all on eva_1.* to 'usuario_eva1'@'localhost';
Query OK, 0 rows affected (0.0029 sec)

 MySQL  localhost:8889  mysql  SQL > create user 'consultas'@'localhost' identified by '1234';
Query OK, 0 rows affected (0.0046 sec)

 MySQL  localhost:8889  mysql  SQL > grant select on eva_1.* to 'consultas'@'localhost':
                                  -> ;
ERROR: 1064 (42000): You have an error in your SQL syntax; check the manual that corresponds to your MySQL server version for the right syntax to use near ':' at line 1

 MySQL  localhost:8889  mysql  SQL > grant select on eva_1.* to 'consultas'@'localhost';
Query OK, 0 rows affected (0.0019 sec)

 MySQL  localhost:8889  mysql  SQL > create user 'jodidillo'@'localhost' identified by '123'
                                  -> ;
Query OK, 0 rows affected (0.0037 sec)

 MySQL  localhost:8889  mysql  SQL > grant select on eva_1.empleados to 'jodidillo'@'localhost';
Query OK, 0 rows affected (0.0036 sec)

 MySQL  localhost:8889  mysql  SQL > 








































